c:\users\as562\desktop\searchlite\build\searchlite.dir\debug\vc143.pdb
c:\users\as562\desktop\searchlite\build\searchlite.dir\debug\documentloader.obj
c:\users\as562\desktop\searchlite\build\searchlite.dir\debug\textprocessor.obj
c:\users\as562\desktop\searchlite\build\searchlite.dir\debug\main.obj
c:\users\as562\desktop\searchlite\build\searchlite.dir\debug\queryprocessor.obj
c:\users\as562\desktop\searchlite\build\searchlite.dir\debug\invertedindex.obj
c:\users\as562\desktop\searchlite\build\searchlite.dir\debug\ranker.obj
c:\users\as562\desktop\searchlite\build\searchlite.dir\debug\trie.obj
c:\users\as562\desktop\searchlite\build\cmakefiles\generate.stamp
c:\users\as562\desktop\searchlite\build\debug\searchlite.exe
c:\users\as562\desktop\searchlite\build\debug\searchlite.pdb
c:\users\as562\desktop\searchlite\build\searchlite.dir\debug\searchlite.ilk
c:\users\as562\desktop\searchlite\build\searchlite.dir\debug\test_inverted_index.obj
c:\users\as562\desktop\searchlite\build\searchlite.dir\debug\searchlite.tlog\cl.command.1.tlog
c:\users\as562\desktop\searchlite\build\searchlite.dir\debug\searchlite.tlog\cl.items.tlog
c:\users\as562\desktop\searchlite\build\searchlite.dir\debug\searchlite.tlog\cl.read.1.tlog
c:\users\as562\desktop\searchlite\build\searchlite.dir\debug\searchlite.tlog\cl.write.1.tlog
c:\users\as562\desktop\searchlite\build\searchlite.dir\debug\searchlite.tlog\custombuild.command.1.tlog
c:\users\as562\desktop\searchlite\build\searchlite.dir\debug\searchlite.tlog\custombuild.read.1.tlog
c:\users\as562\desktop\searchlite\build\searchlite.dir\debug\searchlite.tlog\custombuild.write.1.tlog
c:\users\as562\desktop\searchlite\build\searchlite.dir\debug\searchlite.tlog\link.command.1.tlog
c:\users\as562\desktop\searchlite\build\searchlite.dir\debug\searchlite.tlog\link.read.1.tlog
c:\users\as562\desktop\searchlite\build\searchlite.dir\debug\searchlite.tlog\link.secondary.1.tlog
c:\users\as562\desktop\searchlite\build\searchlite.dir\debug\searchlite.tlog\link.write.1.tlog
